
> warvanta@0.1.0 build
> next build

Ôû▓ Next.js 16.2.1 (Turbopack)
- Environments: .env.local

  Creating an optimized production build ...
Ô£ô Compiled successfully in 2.9s
  Running TypeScript ...
node.exe : Failed to type check.
At line:1 char:1
+ & "C:\Program Files\nodejs/node.exe" "C:\Program Files\nodejs/node_mo 
...
+ ~~~~~~~~~~~~~~~~~~~~~~~~~~~~~~~~~~~~~~~~~~~~~~~~~~~~~~~~~~~~~~~~~~~~~
    + CategoryInfo          : NotSpecified: (Failed to type check.:Stri 
   ng) [], RemoteException
    + FullyQualifiedErrorId : NativeCommandError
 

.next/dev/types/validator.ts:53:39
Type error: Cannot find module '../../../src/app/apply/page.js' or its c
orresponding type declarations.

  [90m51 |[0m {
  [90m52 |[0m   [36mtype[0m __IsExpected<[33mSpecific[0m [36mexte
nds[0m [33mAppPageConfig[0m<[32m"/apply"[0m>> = [33mSpecific[0m
[31m[1m>[0m [90m53 |[0m   [36mconst[0m handler = {} [36mas[0m 
[36mtypeof[0m [36mimport[0m([32m"../../../src/app/apply/page.js"[0m
)
  [90m   |[0m                                       [31m[1m^[0m
  [90m54 |[0m   [36mtype[0m __Check = __IsExpected<[36mtypeof[0m h
andler>
  [90m55 |[0m   [90m// @ts-ignore[0m
  [90m56 |[0m   [36mtype[0m __Unused = __Check
Next.js build worker exited with code: 1 and signal: null
